// Jest Snapshot v1, https://goo.gl/fbAQLP

exports[`pokemon-detail, snapshot 1`] = `
<div>
  <div>
    Retrieving Pokemon detail..
  </div>
</div>
`;
