// Jest Snapshot v1, https://goo.gl/fbAQLP

exports[`pokemon-list, snapshot 1`] = `
<div>
  <div
    class="css-oqpjdc"
  >
    Loading...
  </div>
</div>
`;
