// Jest Snapshot v1, https://goo.gl/fbAQLP

exports[`button-component, snapshot 1`] = `
<div>
  <button
    class="btn"
  />
</div>
`;
