// Jest Snapshot v1, https://goo.gl/fbAQLP

exports[`container-component, snapshot 1`] = `
<div>
  <div
    class="container"
  />
</div>
`;
