// Jest Snapshot v1, https://goo.gl/fbAQLP

exports[`loading-component, snapshot 1`] = `
<div>
  <div
    class="css-oqpjdc"
  />
</div>
`;
